// Jest Snapshot v1, https://goo.gl/fbAQLP

exports[`NewList renders correctly 1`] = `
<RNCSafeAreaProvider
  onInsetsChange={[Function]}
  style={
    Array [
      Object {
        "flex": 1,
      },
      undefined,
    ]
  }
>
  <View
    style={Object {}}
  >
    <View
      style={
        Object {
          "alignItems": "center",
          "flexDirection": "row",
          "justifyContent": "center",
        }
      }
    >
      <View
        _disabled={
          Object {
            "bg": "trueGray.300",
            "opacity": "50",
          }
        }
        _loading={
          Object {
            "bg": "warmGray.50",
            "opacity": "50",
          }
        }
        _text={
          Object {
            "color": "lightText",
          }
        }
        accessibilityRole="button"
        accessible={true}
        collapsable={false}
        colorScheme="primary"
        focusable={true}
        onBlur={[Function]}
        onClick={[Function]}
        onFocus={[Function]}
        onHoverIn={[Function]}
        onHoverOut={[Function]}
        onResponderGrant={[Function]}
        onResponderMove={[Function]}
        onResponderRelease={[Function]}
        onResponderTerminate={[Function]}
        onResponderTerminationRequest={[Function]}
        onStartShouldSetResponder={[Function]}
        style={
          Object {
            "alignItems": "center",
            "backgroundColor": "#06b6d4",
            "borderRadius": 4,
            "flexDirection": "row",
            "height": "100%",
            "justifyContent": "center",
            "width": "100%",
          }
        }
        testID="toggleStoriesButton"
      >
        <View
          style={
            Object {
              "alignItems": "center",
              "flexDirection": "row",
            }
          }
        >
          <View
            style={Object {}}
          >
            <Text
              style={
                Object {
                  "backgroundColor": undefined,
                  "color": "#1f2937",
                  "fontFamily": undefined,
                  "fontSize": 14,
                  "fontStyle": "normal",
                  "fontWeight": "400",
                  "letterSpacing": 0,
                  "lineHeight": 21,
                  "textDecorationLine": undefined,
                }
              }
            >
              Show new stories
            </Text>
          </View>
        </View>
      </View>
    </View>
    <View
      style={
        Object {
          "alignItems": "center",
          "justifyContent": "center",
        }
      }
    />
  </View>
</RNCSafeAreaProvider>
`;
